// Jest Snapshot v1, https://goo.gl/fbAQLP

exports[`should render correctly with mixed types 1`] = `
<div
  className="MuiBox-root css-0"
>
  <p
    className="MuiTypography-root MuiTypography-body2 css-141vi1f-MuiTypography-root"
  >
    To calculate 
  </p>
  <span>
    x
  </span>
  <p
    className="MuiTypography-root MuiTypography-body2 css-141vi1f-MuiTypography-root"
  >
    , we need to calculate 
  </p>
  <a
    className="MuiTypography-root MuiTypography-inherit MuiLink-root MuiLink-underlineAlways css-1bhi0za-MuiTypography-root-MuiLink-root"
    href="#"
    onBlur={[Function]}
    onClick={[Function]}
    onFocus={[Function]}
  >
    <span>
      \\frac{a}{b}
    </span>
  </a>
</div>
`;
